[229月2026 03:35:30.727] [main/INFO] [cpw.mods.modlauncher.Launcher/MODLAUNCHER]: ModLauncher running: args [--launchTarget, forgeserverdev, --gameDir, ., --fml.fmlVersion, 4.0.44, --fml.mcVersion, 1.21.1, --fml.neoForgeVersion, 21.1.251, --fml.neoFormVersion, 20240808.144430, --nogui]
[229月2026 03:35:30.729] [main/INFO] [cpw.mods.modlauncher.Launcher/MODLAUNCHER]: JVM identified as Azul Systems, Inc. OpenJDK 64-Bit Server VM 21.0.1+12-LTS
[229月2026 03:35:30.730] [main/INFO] [cpw.mods.modlauncher.Launcher/MODLAUNCHER]: ModLauncher 11.0.5+main.901c6ea8 starting: java version 21.0.1 by Azul Systems, Inc.; OS Windows 11 arch amd64 version 10.0
[229月2026 03:35:30.822] [main/INFO] [net.neoforged.fml.loading.ImmediateWindowHandler/]: ImmediateWindowProvider not loading because launch target is forgeserverdev
[229月2026 03:35:30.862] [main/INFO] [mixin/]: SpongePowered MIXIN Subsystem Version=0.8.7 Source=union:/C:/Users/东方镜忻/.gradle/caches/modules-2/files-2.1/net.fabricmc/sponge-mixin/0.15.2+mixin.0.8.7/2af2f021d8e02a0220dc27a7a72b4666d66d44ca/sponge-mixin-0.15.2+mixin.0.8.7.jar%2394!/ Service=ModLauncher Env=SERVER
[229月2026 03:35:31.168] [main/INFO] [net.neoforged.fml.loading.moddiscovery.locators.JarInJarDependencyLocator/]: Found 2 dependencies adding them to mods collection
[229月2026 03:35:31.169] [main/INFO] [net.neoforged.fml.loading.moddiscovery.ModDiscoverer/]: 
     Mod List:
		Name Version (Mod Id)

		Damage_Modernization 1.0.0 (damagemodernization)
		Minecraft 1.21.1 (minecraft)
		NeoForge 21.1.251 (neoforge)
[229月2026 03:35:31.940] [main/INFO] [cpw.mods.modlauncher.LaunchServiceHandler/MODLAUNCHER]: Launching target 'forgeserverdev' with arguments [--gameDir, ., --nogui]
[229月2026 03:35:32.982] [main/INFO] [MixinExtras|Service/]: Initializing MixinExtras via com.llamalad7.mixinextras.service.MixinExtrasServiceImpl(version=0.5.3).
[229月2026 03:35:36.352] [main/WARN] [net.minecraft.commands.Commands/]: Ambiguity between arguments [teleport, location] and [teleport, destination] with inputs: [0.1 -0.5 .9, 0 0 0]
[229月2026 03:35:36.354] [main/WARN] [net.minecraft.commands.Commands/]: Ambiguity between arguments [teleport, location] and [teleport, targets] with inputs: [0.1 -0.5 .9, 0 0 0]
[229月2026 03:35:36.355] [main/WARN] [net.minecraft.commands.Commands/]: Ambiguity between arguments [teleport, destination] and [teleport, targets] with inputs: [Player, 0123, @e, dd12be42-52a9-4a91-a8a1-11c01849e498]
[229月2026 03:35:36.356] [main/WARN] [net.minecraft.commands.Commands/]: Ambiguity between arguments [teleport, targets] and [teleport, destination] with inputs: [Player, 0123, dd12be42-52a9-4a91-a8a1-11c01849e498]
[229月2026 03:35:36.356] [main/WARN] [net.minecraft.commands.Commands/]: Ambiguity between arguments [teleport, targets, location] and [teleport, targets, destination] with inputs: [0.1 -0.5 .9, 0 0 0]
[229月2026 03:35:36.421] [modloading-worker-0/INFO] [net.neoforged.neoforge.common.NeoForgeMod/NEOFORGE-MOD]: NeoForge mod loading, version 21.1.251, for MC 1.21.1
[229月2026 03:35:36.432] [modloading-worker-0/INFO] [com.vestudio.dmmod.DamageModernization/]: [DM] damage zone registered: damagemodernization:attack_power (priority=-500)
[229月2026 03:35:36.432] [modloading-worker-0/INFO] [com.vestudio.dmmod.DamageModernization/]: [DM] damage zone registered: damagemodernization:damage_amplifier (priority=0)
[229月2026 03:35:36.432] [modloading-worker-0/INFO] [com.vestudio.dmmod.DamageModernization/]: [DM] damage zone registered: damagemodernization:damage_multiplier (priority=500)
[229月2026 03:35:36.432] [modloading-worker-0/INFO] [com.vestudio.dmmod.DamageModernization/]: [DM] damage zone registered: damagemodernization:critical (priority=750)
[229月2026 03:35:36.537] [modloading-sync-worker/INFO] [com.vestudio.dmmod.DamageModernization/]: Injected damage attribute defaults (critChance=0.05, critDamage=1.5, damageMultiplier=1.0)
[229月2026 03:35:36.568] [modloading-worker-0/INFO] [com.vestudio.dmmod.DamageModernization/]: Damage_Modernization loaded: four-zone damage model active (enabled=true)
[229月2026 03:35:36.628] [main/INFO] [com.mojang.authlib.yggdrasil.YggdrasilAuthenticationService/]: Environment: Environment[sessionHost=https://sessionserver.mojang.com, servicesHost=https://api.minecraftservices.com, name=PROD]
[229月2026 03:35:36.702] [main/WARN] [net.minecraft.server.packs.VanillaPackResourcesBuilder/]: Assets URL 'union:/E:/DSHCode/Damage_Modernization/build/moddev/artifacts/neoforge-21.1.251.jar%23125!/assets/.mcassetsroot' uses unexpected schema
[229月2026 03:35:36.702] [main/WARN] [net.minecraft.server.packs.VanillaPackResourcesBuilder/]: Assets URL 'union:/E:/DSHCode/Damage_Modernization/build/moddev/artifacts/neoforge-21.1.251.jar%23125!/data/.mcassetsroot' uses unexpected schema
[229月2026 03:35:37.328] [main/INFO] [net.minecraft.world.item.crafting.RecipeManager/]: Loaded 1290 recipes
[229月2026 03:35:37.417] [main/INFO] [net.minecraft.advancements.AdvancementTree/]: Loaded 1399 advancements
[229月2026 03:35:37.657] [Server thread/INFO] [net.minecraft.server.dedicated.DedicatedServer/]: Starting minecraft server version 1.21.1
[229月2026 03:35:37.662] [Server thread/INFO] [net.minecraft.server.dedicated.DedicatedServer/]: Loading properties
[229月2026 03:35:37.662] [Server thread/INFO] [net.minecraft.server.dedicated.DedicatedServer/]: Default game type: SURVIVAL
[229月2026 03:35:37.662] [Server thread/INFO] [net.minecraft.server.MinecraftServer/]: Generating keypair
[229月2026 03:35:37.704] [Server thread/INFO] [net.minecraft.server.dedicated.DedicatedServer/]: Starting Minecraft server on *:25565
[229月2026 03:35:37.764] [Server thread/INFO] [net.minecraft.server.network.ServerConnectionListener/]: Using default channel type
[229月2026 03:35:37.787] [Server thread/WARN] [net.minecraft.server.dedicated.DedicatedServer/]: **** SERVER IS RUNNING IN OFFLINE/INSECURE MODE!
[229月2026 03:35:37.787] [Server thread/WARN] [net.minecraft.server.dedicated.DedicatedServer/]: The server will make no attempt to authenticate usernames. Beware.
[229月2026 03:35:37.787] [Server thread/WARN] [net.minecraft.server.dedicated.DedicatedServer/]: While this makes the game possible to play without internet access, it also opens up the ability for hackers to connect with any username they choose.
[229月2026 03:35:37.787] [Server thread/WARN] [net.minecraft.server.dedicated.DedicatedServer/]: To change this, set "online-mode" to "true" in the server.properties file.
[229月2026 03:35:37.822] [Server thread/INFO] [net.minecraft.server.dedicated.DedicatedServer/]: Preparing level "world"
[229月2026 03:35:38.293] [Server thread/INFO] [net.minecraft.server.MinecraftServer/]: Preparing start region for dimension minecraft:overworld
[229月2026 03:35:38.356] [worldgen/INFO] [net.minecraft.server.level.progress.LoggerChunkProgressListener/]: Preparing spawn area: 2%
[229月2026 03:35:38.997] [worldgen/INFO] [net.minecraft.server.level.progress.LoggerChunkProgressListener/]: Preparing spawn area: 51%
[229月2026 03:35:39.325] [worldgen/INFO] [net.minecraft.server.level.progress.LoggerChunkProgressListener/]: Preparing spawn area: 51%
[229月2026 03:35:39.796] [worldgen/INFO] [net.minecraft.server.level.progress.LoggerChunkProgressListener/]: Preparing spawn area: 51%
[229月2026 03:35:40.024] [Server thread/INFO] [net.minecraft.server.level.progress.LoggerChunkProgressListener/]: Time elapsed: 1730 ms
[229月2026 03:35:40.025] [Server thread/INFO] [net.minecraft.server.dedicated.DedicatedServer/]: Done (2.220s)! For help, type "help"
[229月2026 03:35:40.043] [Server thread/INFO] [net.neoforged.neoforge.gametest.GameTestHooks/]: Enabled Gametest Namespaces: [damagemodernization]
[229月2026 03:35:40.046] [Server thread/INFO] [net.neoforged.neoforge.server.permission.PermissionAPI/]: Successfully initialized permission handler neoforge:default_handler
[229月2026 03:35:40.088] [Server thread/INFO] [com.vestudio.dmmod.DamageModernization/]: [STALE] A1 空手 | vanilla=1.0 base=1.0 (expect 1.0) baseMods= -> PASS
[229月2026 03:35:40.089] [Server thread/INFO] [com.vestudio.dmmod.DamageModernization/]: [STALE] A2 钻石剑 | vanilla=7.0 base=7.0 (expect 7.0) baseMods=[dm_base_mirror_0=6.0] -> PASS
[229月2026 03:35:40.089] [Server thread/INFO] [com.vestudio.dmmod.DamageModernization/]: [STALE] A3 切回空手 | vanilla=1.0 base=1.0 (expect 1.0) baseMods= -> PASS
[229月2026 03:35:40.089] [Server thread/INFO] [com.vestudio.dmmod.DamageModernization/]: [STALE] B1 注入残留镜像(空手) | vanilla=1.0 base=7.0 (expect 7.0) baseMods=[dm_base_mirror_0=6.0] -> PASS
[229月2026 03:35:40.089] [Server thread/INFO] [com.vestudio.dmmod.DamageModernization/]: [STALE] B2 修复后应回到 1.0 | vanilla=1.0 base=1.0 (expect 1.0) baseMods= -> PASS
[229月2026 03:40:40.042] [IO-Worker-6/ERROR] [net.minecraft.world.level.saveddata.SavedData/]: Could not save data net.minecraft.world.entity.raid.Raids@6b9f1dc4
java.nio.file.NoSuchFileException: .\world\data\raids.dat10011327910728671127.neoforge-tmp
	at java.base/sun.nio.fs.WindowsException.translateToIOException(WindowsException.java:85) ~[?:?]
	at java.base/sun.nio.fs.WindowsException.rethrowAsIOException(WindowsException.java:103) ~[?:?]
	at java.base/sun.nio.fs.WindowsException.rethrowAsIOException(WindowsException.java:108) ~[?:?]
	at java.base/sun.nio.fs.WindowsFileSystemProvider.newByteChannel(WindowsFileSystemProvider.java:234) ~[?:?]
	at java.base/java.nio.file.Files.newByteChannel(Files.java:379) ~[?:?]
	at java.base/java.nio.file.Files.createFile(Files.java:657) ~[?:?]
	at java.base/java.nio.file.TempFileHelper.create(TempFileHelper.java:136) ~[?:?]
	at java.base/java.nio.file.TempFileHelper.createTempFile(TempFileHelper.java:159) ~[?:?]
	at java.base/java.nio.file.Files.createTempFile(Files.java:878) ~[?:?]
	at TRANSFORMER/neoforge@21.1.251/net.neoforged.neoforge.common.IOUtilities.atomicWrite(IOUtilities.java:161) ~[neoforge-21.1.251.jar%23126!/:?]
	at TRANSFORMER/neoforge@21.1.251/net.neoforged.neoforge.common.IOUtilities.writeNbtCompressed(IOUtilities.java:115) ~[neoforge-21.1.251.jar%23126!/:?]
	at TRANSFORMER/minecraft@1.21.1/net.minecraft.world.level.saveddata.SavedData.lambda$save$0(SavedData.java:47) ~[neoforge-21.1.251.jar%23125!/:?]
	at java.base/java.util.concurrent.CompletableFuture$UniRun.tryFire(CompletableFuture.java:787) ~[?:?]
	at java.base/java.util.concurrent.CompletableFuture$Completion.run(CompletableFuture.java:482) ~[?:?]
	at java.base/java.util.concurrent.ThreadPoolExecutor.runWorker(ThreadPoolExecutor.java:1144) ~[?:?]
	at java.base/java.util.concurrent.ThreadPoolExecutor$Worker.run(ThreadPoolExecutor.java:642) ~[?:?]
	at java.base/java.lang.Thread.run(Thread.java:1583) [?:?]
[229月2026 03:40:40.044] [IO-Worker-7/ERROR] [net.minecraft.world.level.saveddata.SavedData/]: Could not save data net.neoforged.neoforge.attachment.LevelAttachmentsSavedData@b322f7b
java.nio.file.NoSuchFileException: .\world\data\neoforge_data_attachments.dat13270473640571316346.neoforge-tmp
	at java.base/sun.nio.fs.WindowsException.translateToIOException(WindowsException.java:85) ~[?:?]
	at java.base/sun.nio.fs.WindowsException.rethrowAsIOException(WindowsException.java:103) ~[?:?]
	at java.base/sun.nio.fs.WindowsException.rethrowAsIOException(WindowsException.java:108) ~[?:?]
	at java.base/sun.nio.fs.WindowsFileSystemProvider.newByteChannel(WindowsFileSystemProvider.java:234) ~[?:?]
	at java.base/java.nio.file.Files.newByteChannel(Files.java:379) ~[?:?]
	at java.base/java.nio.file.Files.createFile(Files.java:657) ~[?:?]
	at java.base/java.nio.file.TempFileHelper.create(TempFileHelper.java:136) ~[?:?]
	at java.base/java.nio.file.TempFileHelper.createTempFile(TempFileHelper.java:159) ~[?:?]
	at java.base/java.nio.file.Files.createTempFile(Files.java:878) ~[?:?]
	at TRANSFORMER/neoforge@21.1.251/net.neoforged.neoforge.common.IOUtilities.atomicWrite(IOUtilities.java:161) ~[neoforge-21.1.251.jar%23126!/:?]
	at TRANSFORMER/neoforge@21.1.251/net.neoforged.neoforge.common.IOUtilities.writeNbtCompressed(IOUtilities.java:115) ~[neoforge-21.1.251.jar%23126!/:?]
	at TRANSFORMER/minecraft@1.21.1/net.minecraft.world.level.saveddata.SavedData.lambda$save$0(SavedData.java:47) ~[neoforge-21.1.251.jar%23125!/:?]
	at java.base/java.util.concurrent.CompletableFuture$UniRun.tryFire(CompletableFuture.java:787) ~[?:?]
	at java.base/java.util.concurrent.CompletableFuture$Completion.run(CompletableFuture.java:482) ~[?:?]
	at java.base/java.util.concurrent.ThreadPoolExecutor.runWorker(ThreadPoolExecutor.java:1144) ~[?:?]
	at java.base/java.util.concurrent.ThreadPoolExecutor$Worker.run(ThreadPoolExecutor.java:642) ~[?:?]
	at java.base/java.lang.Thread.run(Thread.java:1583) [?:?]
[229月2026 03:40:40.044] [IO-Worker-6/ERROR] [net.minecraft.world.level.saveddata.SavedData/]: Could not save data net.minecraft.world.entity.raid.Raids@13b5c87d
java.nio.file.NoSuchFileException: .\world\DIM1\data\raids_end.dat13436460061880089016.neoforge-tmp
	at java.base/sun.nio.fs.WindowsException.translateToIOException(WindowsException.java:85) ~[?:?]
	at java.base/sun.nio.fs.WindowsException.rethrowAsIOException(WindowsException.java:103) ~[?:?]
	at java.base/sun.nio.fs.WindowsException.rethrowAsIOException(WindowsException.java:108) ~[?:?]
	at java.base/sun.nio.fs.WindowsFileSystemProvider.newByteChannel(WindowsFileSystemProvider.java:234) ~[?:?]
	at java.base/java.nio.file.Files.newByteChannel(Files.java:379) ~[?:?]
	at java.base/java.nio.file.Files.createFile(Files.java:657) ~[?:?]
	at java.base/java.nio.file.TempFileHelper.create(TempFileHelper.java:136) ~[?:?]
	at java.base/java.nio.file.TempFileHelper.createTempFile(TempFileHelper.java:159) ~[?:?]
	at java.base/java.nio.file.Files.createTempFile(Files.java:878) ~[?:?]
	at TRANSFORMER/neoforge@21.1.251/net.neoforged.neoforge.common.IOUtilities.atomicWrite(IOUtilities.java:161) ~[neoforge-21.1.251.jar%23126!/:?]
	at TRANSFORMER/neoforge@21.1.251/net.neoforged.neoforge.common.IOUtilities.writeNbtCompressed(IOUtilities.java:115) ~[neoforge-21.1.251.jar%23126!/:?]
	at TRANSFORMER/minecraft@1.21.1/net.minecraft.world.level.saveddata.SavedData.lambda$save$0(SavedData.java:47) ~[neoforge-21.1.251.jar%23125!/:?]
	at java.base/java.util.concurrent.CompletableFuture$UniRun.tryFire(CompletableFuture.java:787) ~[?:?]
	at java.base/java.util.concurrent.CompletableFuture$Completion.run(CompletableFuture.java:482) ~[?:?]
	at java.base/java.util.concurrent.ThreadPoolExecutor.runWorker(ThreadPoolExecutor.java:1144) ~[?:?]
	at java.base/java.util.concurrent.ThreadPoolExecutor$Worker.run(ThreadPoolExecutor.java:642) ~[?:?]
	at java.base/java.lang.Thread.run(Thread.java:1583) [?:?]
[229月2026 03:40:40.045] [IO-Worker-7/ERROR] [net.minecraft.world.level.saveddata.SavedData/]: Could not save data net.neoforged.neoforge.attachment.LevelAttachmentsSavedData@5f5c06d
java.nio.file.NoSuchFileException: .\world\DIM1\data\neoforge_data_attachments.dat8288583059632610646.neoforge-tmp
	at java.base/sun.nio.fs.WindowsException.translateToIOException(WindowsException.java:85) ~[?:?]
	at java.base/sun.nio.fs.WindowsException.rethrowAsIOException(WindowsException.java:103) ~[?:?]
	at java.base/sun.nio.fs.WindowsException.rethrowAsIOException(WindowsException.java:108) ~[?:?]
	at java.base/sun.nio.fs.WindowsFileSystemProvider.newByteChannel(WindowsFileSystemProvider.java:234) ~[?:?]
	at java.base/java.nio.file.Files.newByteChannel(Files.java:379) ~[?:?]
	at java.base/java.nio.file.Files.createFile(Files.java:657) ~[?:?]
	at java.base/java.nio.file.TempFileHelper.create(TempFileHelper.java:136) ~[?:?]
	at java.base/java.nio.file.TempFileHelper.createTempFile(TempFileHelper.java:159) ~[?:?]
	at java.base/java.nio.file.Files.createTempFile(Files.java:878) ~[?:?]
	at TRANSFORMER/neoforge@21.1.251/net.neoforged.neoforge.common.IOUtilities.atomicWrite(IOUtilities.java:161) ~[neoforge-21.1.251.jar%23126!/:?]
	at TRANSFORMER/neoforge@21.1.251/net.neoforged.neoforge.common.IOUtilities.writeNbtCompressed(IOUtilities.java:115) ~[neoforge-21.1.251.jar%23126!/:?]
	at TRANSFORMER/minecraft@1.21.1/net.minecraft.world.level.saveddata.SavedData.lambda$save$0(SavedData.java:47) ~[neoforge-21.1.251.jar%23125!/:?]
	at java.base/java.util.concurrent.CompletableFuture$UniRun.tryFire(CompletableFuture.java:787) ~[?:?]
	at java.base/java.util.concurrent.CompletableFuture$Completion.run(CompletableFuture.java:482) ~[?:?]
	at java.base/java.util.concurrent.ThreadPoolExecutor.runWorker(ThreadPoolExecutor.java:1144) ~[?:?]
	at java.base/java.util.concurrent.ThreadPoolExecutor$Worker.run(ThreadPoolExecutor.java:642) ~[?:?]
	at java.base/java.lang.Thread.run(Thread.java:1583) [?:?]
[229月2026 03:40:40.045] [Server thread/ERROR] [net.minecraft.world.level.storage.LevelStorageSource/]: Failed to save level .\world
java.nio.file.NoSuchFileException: .\world\level14954840377034784457.dat
	at java.base/sun.nio.fs.WindowsException.translateToIOException(WindowsException.java:85) ~[?:?]
	at java.base/sun.nio.fs.WindowsException.rethrowAsIOException(WindowsException.java:103) ~[?:?]
	at java.base/sun.nio.fs.WindowsException.rethrowAsIOException(WindowsException.java:108) ~[?:?]
	at java.base/sun.nio.fs.WindowsFileSystemProvider.newByteChannel(WindowsFileSystemProvider.java:234) ~[?:?]
	at java.base/java.nio.file.Files.newByteChannel(Files.java:379) ~[?:?]
	at java.base/java.nio.file.Files.createFile(Files.java:657) ~[?:?]
	at java.base/java.nio.file.TempFileHelper.create(TempFileHelper.java:136) ~[?:?]
	at java.base/java.nio.file.TempFileHelper.createTempFile(TempFileHelper.java:159) ~[?:?]
	at java.base/java.nio.file.Files.createTempFile(Files.java:878) ~[?:?]
	at TRANSFORMER/minecraft@1.21.1/net.minecraft.world.level.storage.LevelStorageSource$LevelStorageAccess.saveLevelData(LevelStorageSource.java:523) ~[neoforge-21.1.251.jar%23125!/:?]
	at TRANSFORMER/minecraft@1.21.1/net.minecraft.world.level.storage.LevelStorageSource$LevelStorageAccess.saveDataTag(LevelStorageSource.java:516) ~[neoforge-21.1.251.jar%23125!/:?]
	at TRANSFORMER/minecraft@1.21.1/net.minecraft.server.MinecraftServer.saveAllChunks(MinecraftServer.java:562) ~[neoforge-21.1.251.jar%23125!/:?]
	at TRANSFORMER/minecraft@1.21.1/net.minecraft.server.MinecraftServer.saveEverything(MinecraftServer.java:579) ~[neoforge-21.1.251.jar%23125!/:?]
	at TRANSFORMER/minecraft@1.21.1/net.minecraft.server.MinecraftServer.tickServer(MinecraftServer.java:944) ~[neoforge-21.1.251.jar%23125!/:?]
	at TRANSFORMER/minecraft@1.21.1/net.minecraft.server.MinecraftServer.runServer(MinecraftServer.java:713) ~[neoforge-21.1.251.jar%23125!/:?]
	at TRANSFORMER/minecraft@1.21.1/net.minecraft.server.MinecraftServer.lambda$spin$2(MinecraftServer.java:267) ~[neoforge-21.1.251.jar%23125!/:?]
	at java.base/java.lang.Thread.run(Thread.java:1583) [?:?]
[229月2026 03:40:40.045] [IO-Worker-6/ERROR] [net.minecraft.world.level.saveddata.SavedData/]: Could not save data net.minecraft.world.entity.raid.Raids@6a41932a
java.nio.file.NoSuchFileException: .\world\DIM-1\data\raids.dat13649049755289504922.neoforge-tmp
	at java.base/sun.nio.fs.WindowsException.translateToIOException(WindowsException.java:85) ~[?:?]
	at java.base/sun.nio.fs.WindowsException.rethrowAsIOException(WindowsException.java:103) ~[?:?]
	at java.base/sun.nio.fs.WindowsException.rethrowAsIOException(WindowsException.java:108) ~[?:?]
	at java.base/sun.nio.fs.WindowsFileSystemProvider.newByteChannel(WindowsFileSystemProvider.java:234) ~[?:?]
	at java.base/java.nio.file.Files.newByteChannel(Files.java:379) ~[?:?]
	at java.base/java.nio.file.Files.createFile(Files.java:657) ~[?:?]
	at java.base/java.nio.file.TempFileHelper.create(TempFileHelper.java:136) ~[?:?]
	at java.base/java.nio.file.TempFileHelper.createTempFile(TempFileHelper.java:159) ~[?:?]
	at java.base/java.nio.file.Files.createTempFile(Files.java:878) ~[?:?]
	at TRANSFORMER/neoforge@21.1.251/net.neoforged.neoforge.common.IOUtilities.atomicWrite(IOUtilities.java:161) ~[neoforge-21.1.251.jar%23126!/:?]
	at TRANSFORMER/neoforge@21.1.251/net.neoforged.neoforge.common.IOUtilities.writeNbtCompressed(IOUtilities.java:115) ~[neoforge-21.1.251.jar%23126!/:?]
	at TRANSFORMER/minecraft@1.21.1/net.minecraft.world.level.saveddata.SavedData.lambda$save$0(SavedData.java:47) ~[neoforge-21.1.251.jar%23125!/:?]
	at java.base/java.util.concurrent.CompletableFuture$UniRun.tryFire(CompletableFuture.java:787) ~[?:?]
	at java.base/java.util.concurrent.CompletableFuture$Completion.run(CompletableFuture.java:482) ~[?:?]
	at java.base/java.util.concurrent.ThreadPoolExecutor.runWorker(ThreadPoolExecutor.java:1144) ~[?:?]
	at java.base/java.util.concurrent.ThreadPoolExecutor$Worker.run(ThreadPoolExecutor.java:642) ~[?:?]
	at java.base/java.lang.Thread.run(Thread.java:1583) [?:?]
[229月2026 03:40:40.045] [IO-Worker-7/ERROR] [net.minecraft.world.level.saveddata.SavedData/]: Could not save data net.neoforged.neoforge.attachment.LevelAttachmentsSavedData@1ca440b
java.nio.file.NoSuchFileException: .\world\DIM-1\data\neoforge_data_attachments.dat7499362308587451326.neoforge-tmp
	at java.base/sun.nio.fs.WindowsException.translateToIOException(WindowsException.java:85) ~[?:?]
	at java.base/sun.nio.fs.WindowsException.rethrowAsIOException(WindowsException.java:103) ~[?:?]
	at java.base/sun.nio.fs.WindowsException.rethrowAsIOException(WindowsException.java:108) ~[?:?]
	at java.base/sun.nio.fs.WindowsFileSystemProvider.newByteChannel(WindowsFileSystemProvider.java:234) ~[?:?]
	at java.base/java.nio.file.Files.newByteChannel(Files.java:379) ~[?:?]
	at java.base/java.nio.file.Files.createFile(Files.java:657) ~[?:?]
	at java.base/java.nio.file.TempFileHelper.create(TempFileHelper.java:136) ~[?:?]
	at java.base/java.nio.file.TempFileHelper.createTempFile(TempFileHelper.java:159) ~[?:?]
	at java.base/java.nio.file.Files.createTempFile(Files.java:878) ~[?:?]
	at TRANSFORMER/neoforge@21.1.251/net.neoforged.neoforge.common.IOUtilities.atomicWrite(IOUtilities.java:161) ~[neoforge-21.1.251.jar%23126!/:?]
	at TRANSFORMER/neoforge@21.1.251/net.neoforged.neoforge.common.IOUtilities.writeNbtCompressed(IOUtilities.java:115) ~[neoforge-21.1.251.jar%23126!/:?]
	at TRANSFORMER/minecraft@1.21.1/net.minecraft.world.level.saveddata.SavedData.lambda$save$0(SavedData.java:47) ~[neoforge-21.1.251.jar%23125!/:?]
	at java.base/java.util.concurrent.CompletableFuture$UniRun.tryFire(CompletableFuture.java:787) ~[?:?]
	at java.base/java.util.concurrent.CompletableFuture$Completion.run(CompletableFuture.java:482) ~[?:?]
	at java.base/java.util.concurrent.ThreadPoolExecutor.runWorker(ThreadPoolExecutor.java:1144) ~[?:?]
	at java.base/java.util.concurrent.ThreadPoolExecutor$Worker.run(ThreadPoolExecutor.java:642) ~[?:?]
	at java.base/java.lang.Thread.run(Thread.java:1583) [?:?]
